###############################################################################
#
# IAR ELF Linker V9.10.2.313/W64 for ARM                  27/Dec/2021  03:35:57
# Copyright 2007-2021 IAR Systems AB.
#
#    Output file  =
#        C:\Projects\IARProj\STM\BLE\BLE_learn1\EWARM\BLE_learn1\Exe\BLE_learn1.out
#    Map file     =
#        C:\Projects\IARProj\STM\BLE\BLE_learn1\EWARM\BLE_learn1\List\BLE_learn1.map
#    Command line =
#        -f
#        C:\Projects\IARProj\STM\BLE\BLE_learn1\EWARM\BLE_learn1\Exe\BLE_learn1.out.rsp
#        (C:\Projects\IARProj\STM\BLE\BLE_learn1\EWARM\BLE_learn1\Obj\Application\User\STM32_WPAN\App\app_ble.o
#        C:\Projects\IARProj\STM\BLE\BLE_learn1\EWARM\BLE_learn1\Obj\Application\User\Core\app_debug.o
#        C:\Projects\IARProj\STM\BLE\BLE_learn1\EWARM\BLE_learn1\Obj\Application\User\Core\app_entry.o
#        C:\Projects\IARProj\STM\BLE\BLE_learn1\EWARM\BLE_learn1\Obj\Middlewares\STM32_WPAN\ble_gap_aci.o
#        C:\Projects\IARProj\STM\BLE\BLE_learn1\EWARM\BLE_learn1\Obj\Middlewares\STM32_WPAN\ble_gatt_aci.o
#        C:\Projects\IARProj\STM\BLE\BLE_learn1\EWARM\BLE_learn1\Obj\Middlewares\STM32_WPAN\ble_hal_aci.o
#        C:\Projects\IARProj\STM\BLE\BLE_learn1\EWARM\BLE_learn1\Obj\Middlewares\STM32_WPAN\ble_hci_le.o
#        C:\Projects\IARProj\STM\BLE\BLE_learn1\EWARM\BLE_learn1\Obj\Middlewares\STM32_WPAN\ble_l2cap_aci.o
#        C:\Projects\IARProj\STM\BLE\BLE_learn1\EWARM\BLE_learn1\Obj\Middlewares\STM32_WPAN\dbg_trace.o
#        C:\Projects\IARProj\STM\BLE\BLE_learn1\EWARM\BLE_learn1\Obj\Middlewares\STM32_WPAN\hci_tl.o
#        C:\Projects\IARProj\STM\BLE\BLE_learn1\EWARM\BLE_learn1\Obj\Middlewares\STM32_WPAN\hci_tl_if.o
#        C:\Projects\IARProj\STM\BLE\BLE_learn1\EWARM\BLE_learn1\Obj\Application\User\STM32_WPAN\Target\hw_ipcc.o
#        C:\Projects\IARProj\STM\BLE\BLE_learn1\EWARM\BLE_learn1\Obj\Application\User\Core\hw_timerserver.o
#        C:\Projects\IARProj\STM\BLE\BLE_learn1\EWARM\BLE_learn1\Obj\Application\User\Core\hw_uart.o
#        C:\Projects\IARProj\STM\BLE\BLE_learn1\EWARM\BLE_learn1\Obj\Application\User\Core\main.o
#        C:\Projects\IARProj\STM\BLE\BLE_learn1\EWARM\BLE_learn1\Obj\Middlewares\STM32_WPAN\osal.o
#        C:\Projects\IARProj\STM\BLE\BLE_learn1\EWARM\BLE_learn1\Obj\Middlewares\STM32_WPAN\otp.o
#        C:\Projects\IARProj\STM\BLE\BLE_learn1\EWARM\BLE_learn1\Obj\Application\User\STM32_WPAN\App\p2p_server_app.o
#        C:\Projects\IARProj\STM\BLE\BLE_learn1\EWARM\BLE_learn1\Obj\Middlewares\STM32_WPAN\p2p_stm.o
#        C:\Projects\IARProj\STM\BLE\BLE_learn1\EWARM\BLE_learn1\Obj\Middlewares\STM32_WPAN\shci.o
#        C:\Projects\IARProj\STM\BLE\BLE_learn1\EWARM\BLE_learn1\Obj\Middlewares\STM32_WPAN\shci_tl.o
#        C:\Projects\IARProj\STM\BLE\BLE_learn1\EWARM\BLE_learn1\Obj\Middlewares\STM32_WPAN\shci_tl_if.o
#        C:\Projects\IARProj\STM\BLE\BLE_learn1\EWARM\BLE_learn1\Obj\Application\EWARM\startup_stm32wb55xx_cm4.o
#        C:\Projects\IARProj\STM\BLE\BLE_learn1\EWARM\BLE_learn1\Obj\Utilities\stm32_lpm.o
#        C:\Projects\IARProj\STM\BLE\BLE_learn1\EWARM\BLE_learn1\Obj\Application\User\Core\stm32_lpm_if.o
#        C:\Projects\IARProj\STM\BLE\BLE_learn1\EWARM\BLE_learn1\Obj\Utilities\stm32_seq.o
#        C:\Projects\IARProj\STM\BLE\BLE_learn1\EWARM\BLE_learn1\Obj\Drivers\STM32WBxx_HAL_Driver\stm32wbxx_hal.o
#        C:\Projects\IARProj\STM\BLE\BLE_learn1\EWARM\BLE_learn1\Obj\Drivers\STM32WBxx_HAL_Driver\stm32wbxx_hal_cortex.o
#        C:\Projects\IARProj\STM\BLE\BLE_learn1\EWARM\BLE_learn1\Obj\Drivers\STM32WBxx_HAL_Driver\stm32wbxx_hal_dma.o
#        C:\Projects\IARProj\STM\BLE\BLE_learn1\EWARM\BLE_learn1\Obj\Drivers\STM32WBxx_HAL_Driver\stm32wbxx_hal_dma_ex.o
#        C:\Projects\IARProj\STM\BLE\BLE_learn1\EWARM\BLE_learn1\Obj\Drivers\STM32WBxx_HAL_Driver\stm32wbxx_hal_exti.o
#        C:\Projects\IARProj\STM\BLE\BLE_learn1\EWARM\BLE_learn1\Obj\Drivers\STM32WBxx_HAL_Driver\stm32wbxx_hal_flash.o
#        C:\Projects\IARProj\STM\BLE\BLE_learn1\EWARM\BLE_learn1\Obj\Drivers\STM32WBxx_HAL_Driver\stm32wbxx_hal_flash_ex.o
#        C:\Projects\IARProj\STM\BLE\BLE_learn1\EWARM\BLE_learn1\Obj\Drivers\STM32WBxx_HAL_Driver\stm32wbxx_hal_gpio.o
#        C:\Projects\IARProj\STM\BLE\BLE_learn1\EWARM\BLE_learn1\Obj\Drivers\STM32WBxx_HAL_Driver\stm32wbxx_hal_hsem.o
#        C:\Projects\IARProj\STM\BLE\BLE_learn1\EWARM\BLE_learn1\Obj\Application\User\Core\stm32wbxx_hal_msp.o
#        C:\Projects\IARProj\STM\BLE\BLE_learn1\EWARM\BLE_learn1\Obj\Drivers\STM32WBxx_HAL_Driver\stm32wbxx_hal_pwr.o
#        C:\Projects\IARProj\STM\BLE\BLE_learn1\EWARM\BLE_learn1\Obj\Drivers\STM32WBxx_HAL_Driver\stm32wbxx_hal_pwr_ex.o
#        C:\Projects\IARProj\STM\BLE\BLE_learn1\EWARM\BLE_learn1\Obj\Drivers\STM32WBxx_HAL_Driver\stm32wbxx_hal_rcc.o
#        C:\Projects\IARProj\STM\BLE\BLE_learn1\EWARM\BLE_learn1\Obj\Drivers\STM32WBxx_HAL_Driver\stm32wbxx_hal_rcc_ex.o
#        C:\Projects\IARProj\STM\BLE\BLE_learn1\EWARM\BLE_learn1\Obj\Drivers\STM32WBxx_HAL_Driver\stm32wbxx_hal_rtc.o
#        C:\Projects\IARProj\STM\BLE\BLE_learn1\EWARM\BLE_learn1\Obj\Drivers\STM32WBxx_HAL_Driver\stm32wbxx_hal_rtc_ex.o
#        C:\Projects\IARProj\STM\BLE\BLE_learn1\EWARM\BLE_learn1\Obj\Drivers\STM32WBxx_HAL_Driver\stm32wbxx_hal_tim.o
#        C:\Projects\IARProj\STM\BLE\BLE_learn1\EWARM\BLE_learn1\Obj\Drivers\STM32WBxx_HAL_Driver\stm32wbxx_hal_tim_ex.o
#        C:\Projects\IARProj\STM\BLE\BLE_learn1\EWARM\BLE_learn1\Obj\Drivers\STM32WBxx_HAL_Driver\stm32wbxx_hal_uart.o
#        C:\Projects\IARProj\STM\BLE\BLE_learn1\EWARM\BLE_learn1\Obj\Drivers\STM32WBxx_HAL_Driver\stm32wbxx_hal_uart_ex.o
#        C:\Projects\IARProj\STM\BLE\BLE_learn1\EWARM\BLE_learn1\Obj\Application\User\Core\stm32wbxx_it.o
#        C:\Projects\IARProj\STM\BLE\BLE_learn1\EWARM\BLE_learn1\Obj\Middlewares\STM32_WPAN\stm_list.o
#        C:\Projects\IARProj\STM\BLE\BLE_learn1\EWARM\BLE_learn1\Obj\Middlewares\STM32_WPAN\stm_queue.o
#        C:\Projects\IARProj\STM\BLE\BLE_learn1\EWARM\BLE_learn1\Obj\Middlewares\STM32_WPAN\svc_ctl.o
#        C:\Projects\IARProj\STM\BLE\BLE_learn1\EWARM\BLE_learn1\Obj\Drivers\CMSIS\system_stm32wbxx.o
#        C:\Projects\IARProj\STM\BLE\BLE_learn1\EWARM\BLE_learn1\Obj\Middlewares\STM32_WPAN\tl_mbox.o
#        --no_out_extension -o
#        C:\Projects\IARProj\STM\BLE\BLE_learn1\EWARM\BLE_learn1\Exe\BLE_learn1.out
#        --redirect _Printf=_PrintfFullNoMb --redirect _Scanf=_ScanfFullNoMb
#        --map
#        C:\Projects\IARProj\STM\BLE\BLE_learn1\EWARM\BLE_learn1\List\BLE_learn1.map
#        --config
#        C:\Projects\IARProj\STM\BLE\BLE_learn1\EWARM/stm32wb55xx_flash_cm4.icf
#        --semihosting --entry __iar_program_start --vfe --text_out locale)
#
###############################################################################

*******************************************************************************
*** RUNTIME MODEL ATTRIBUTES
***

CppFlavor       = *
__Heap_Handler  = Basic
__SystemLibrary = DLib
__dlib_version  = 6


*******************************************************************************
*** HEAP SELECTION
***

The basic heap was selected because no calls to memory allocation
functions were found in the application outside of system library
functions, and there are calls to deallocation functions in the
application.


*******************************************************************************
*** PLACEMENT SUMMARY
***

"A0":  place at address 0x800'0000 { ro section .intvec };
"P1":  place in [from 0x800'0000 to 0x807'ffff] { ro };
define block CSTACK with size = 1K, alignment = 8 { };
define block HEAP with size = 512, alignment = 8 { };
"P2":  place in [from 0x2000'0008 to 0x2002'ffff] {
          rw, block CSTACK, block HEAP };
"P3":  place in [from 0x2003'0000 to 0x2003'27ff] {
          first section MAPPING_TABLE };
"P4":  place in [from 0x2003'0000 to 0x2003'27ff] { section MB_MEM1 };
"P5":  place in [from 0x2003'0000 to 0x2003'27ff] { section MB_MEM2 };
do not initialize { section .noinit, section MAPPING_TABLE, section MB_MEM1 };
initialize by copy { rw };

  Section                Kind         Address    Size  Object
  -------                ----         -------    ----  ------
"A0":                                           0x13c
  .intvec                ro code   0x800'0000   0x13c  startup_stm32wb55xx_cm4.o [1]
                                 - 0x800'013c   0x13c

"P1":                                          0x71ff
  .text                  ro code   0x800'013c   0xf2e  xprintffull_nomb.o [9]
  .rodata                const     0x800'106a     0x2  xlocale_c.o [9]
  .text                  ro code   0x800'106c    0x16  strchr.o [11]
  .rodata                const     0x800'1082     0x1  xlocale_c.o [9]
  .text                  ro code   0x800'1084    0x40  xfail_s.o [9]
  .text                  ro code   0x800'10c4    0x36  strlen.o [11]
  .text                  ro code   0x800'10fc    0x58  memchr.o [11]
  .text                  ro code   0x800'1154    0x18  ABImemcpy_small.o [11]
  .text                  ro code   0x800'116c    0x70  frexp.o [10]
  .text                  ro code   0x800'11dc    0x34  DblCmpLe.o [10]
  .text                  ro code   0x800'1210    0x34  DblCmpGe.o [10]
  .text                  ro code   0x800'1244   0x13a  ldexp.o [10]
  .text                  ro code   0x800'1380    0x36  DblToS32.o [10]
  .text                  ro code   0x800'13b8    0x22  S32ToDbl.o [10]
  .text                  ro code   0x800'13dc   0x24e  DblAddSub.o [10]
  .text                  ro code   0x800'162c   0x246  DblDiv.o [10]
  .text                  ro code   0x800'1874    0x22  DblToU32.o [10]
  .text                  ro code   0x800'1898    0x1c  U32ToDbl.o [10]
  .text                  ro code   0x800'18b4   0x1aa  DblMul.o [10]
  .text                  ro code   0x800'1a60     0x8  xlocale_c.o [9]
  .text                  ro code   0x800'1a68   0x106  I64DivMod_small.o [11]
  .text                  ro code   0x800'1b6e     0x6  abort.o [9]
  .text                  ro code   0x800'1b74     0x2  I64DivZer.o [11]
  .text                  ro code   0x800'1b78    0x14  exit.o [12]
  .text                  ro code   0x800'1b8c   0x87c  stm32wbxx_hal_rcc.o [6]
  .text                  ro code   0x800'2408    0x44  stm32wbxx_hal.o [6]
  .text                  ro code   0x800'244c     0xc  stm32wbxx_hal.o [6]
  .text                  ro code   0x800'2458    0x10  stm32wbxx_hal_pwr.o [6]
  .text                  ro code   0x800'2468    0x5c  stm32wbxx_hal.o [6]
  .text                  ro code   0x800'24c4    0x10  stm32wbxx_hal_pwr_ex.o [6]
  .text                  ro code   0x800'24d4   0x11c  stm32wbxx_hal_cortex.o [6]
  .text                  ro code   0x800'25f0   0x140  stm32wbxx_hal_msp.o [2]
  .text                  ro code   0x800'2730     0x6  ABImemclr4.o [11]
  .text                  ro code   0x800'2738   0x324  stm32wbxx_hal_rcc_ex.o [6]
  .text                  ro code   0x800'2a5c   0x224  main.o [2]
  .text                  ro code   0x800'2c80   0x1b4  stm32wbxx_hal_gpio.o [6]
  .text                  ro code   0x800'2e34   0x2dc  stm32wbxx_hal_dma.o [6]
  .text                  ro code   0x800'3110    0x32  ABImemset48.o [11]
  .text                  ro code   0x800'3144   0x370  app_entry.o [2]
  .text                  ro code   0x800'34b4   0x13c  stm32wbxx_hal_rtc.o [6]
  .text                  ro code   0x800'35f0   0x6a8  stm32wbxx_hal_uart.o [6]
  .text                  ro code   0x800'3c98    0xf8  stm32wbxx_hal_uart_ex.o [6]
  .text                  ro code   0x800'3d90    0x28  otp.o [7]
  .text                  ro code   0x800'3db8    0x3c  stm32_lpm.o [8]
  .text                  ro code   0x800'3df4   0x568  hw_timerserver.o [2]
  .text                  ro code   0x800'435c   0x160  app_debug.o [2]
  .text                  ro code   0x800'44bc   0x1e0  tl_mbox.o [7]
  .text                  ro code   0x800'469c   0x1c8  stm32_seq.o [8]
  .text                  ro code   0x800'4864   0x148  shci_tl.o [7]
  .text                  ro code   0x800'49ac    0xb8  shci.o [7]
  .text                  ro code   0x800'4a64    0x28  printf.o [9]
  .text                  ro code   0x800'4a8c   0x548  app_ble.o [3]
  .text                  ro code   0x800'4fd4    0x50  hw_uart.o [2]
  .text                  ro code   0x800'5024     0x2  stm32wbxx_hal_uart.o [6]
  .text                  ro code   0x800'5026     0x2  stm32wbxx_hal_uart.o [6]
  .text                  ro code   0x800'5028     0x2  hw_timerserver.o [2]
  .text                  ro code   0x800'502c    0xb0  dbg_trace.o [7]
  .text                  ro code   0x800'50dc   0x1e8  hw_ipcc.o [4]
  .text                  ro code   0x800'52c4    0x7a  stm_list.o [7]
  .text                  ro code   0x800'533e     0x2  tl_mbox.o [7]
  .text                  ro code   0x800'5340     0x2  stm32_seq.o [8]
  .text                  ro code   0x800'5342     0x2  stm32_seq.o [8]
  .text                  ro code   0x800'5344    0x14  shci_tl_if.o [7]
  .text                  ro code   0x800'5358   0x1ac  hci_tl.o [7]
  .text                  ro code   0x800'5504   0x11a  ble_hci_le.o [7]
  .text                  ro code   0x800'561e    0xd0  ble_hal_aci.o [7]
  .text                  ro code   0x800'56ee   0x214  ble_gatt_aci.o [7]
  .text                  ro code   0x800'5902   0x2aa  ble_gap_aci.o [7]
  .text                  ro code   0x800'5bac    0x78  svc_ctl.o [7]
  .text                  ro code   0x800'5c24     0x6  p2p_server_app.o [3]
  .text                  ro code   0x800'5c2a   0x390  stm_queue.o [7]
  .text                  ro code   0x800'5fbc    0x14  hci_tl_if.o [7]
  .text                  ro code   0x800'5fd0    0x20  osal.o [7]
  .text                  ro code   0x800'5ff0    0x4e  svc_ctl.o [7]
  .text                  ro code   0x800'6040    0x12  ABImemset_small.o [11]
  .text                  ro code   0x800'6052     0x2  svc_ctl.o [7]
  .text                  ro code   0x800'6054     0x2  svc_ctl.o [7]
  .text                  ro code   0x800'6056     0x2  svc_ctl.o [7]
  .text                  ro code   0x800'6058     0x2  svc_ctl.o [7]
  .text                  ro code   0x800'605a     0x2  svc_ctl.o [7]
  .text                  ro code   0x800'605c     0x2  svc_ctl.o [7]
  .text                  ro code   0x800'605e     0x2  svc_ctl.o [7]
  .text                  ro code   0x800'6060     0x2  svc_ctl.o [7]
  .text                  ro code   0x800'6062     0x2  svc_ctl.o [7]
  .text                  ro code   0x800'6064     0x2  svc_ctl.o [7]
  .text                  ro code   0x800'6066     0x2  svc_ctl.o [7]
  .text                  ro code   0x800'6068     0x2  svc_ctl.o [7]
  .text                  ro code   0x800'606c   0x188  p2p_stm.o [7]
  .text                  ro code   0x800'61f4     0x2  svc_ctl.o [7]
  .text                  ro code   0x800'61f6     0x2  svc_ctl.o [7]
  .text                  ro code   0x800'61f8     0x2  svc_ctl.o [7]
  .text                  ro code   0x800'61fa     0x2  svc_ctl.o [7]
  .text                  ro code   0x800'61fc     0x2  svc_ctl.o [7]
  .rodata                const     0x800'6200   0x220  app_entry.o [2]
  .text                  ro code   0x800'6420   0x13c  heap0.o [9]
  .text                  ro code   0x800'655c    0x2c  xgetmemchunk.o [9]
  .rodata                const     0x800'6588   0x130  app_debug.o [2]
  .rodata                const     0x800'66b8   0x114  app_ble.o [3]
  .rodata                const     0x800'67cc   0x104  app_ble.o [3]
  .text                  ro code   0x800'68d0    0xd8  xfspos.o [9]
  .text                  ro code   0x800'69a8    0xac  fflush.o [9]
  .text                  ro code   0x800'6a54     0xc  xfgpos.o [9]
  .text                  ro code   0x800'6a60    0x4e  lseek.o [12]
  .text                  ro code   0x800'6ab0    0xcc  XShHandles.o [9]
  .text                  ro code   0x800'6b7c    0xb4  xfwprep.o [9]
  .text                  ro code   0x800'6c30    0x24  fseek.o [9]
  .text                  ro code   0x800'6c54    0x9c  xfofind.o [9]
  .text                  ro code   0x800'6cf0     0x4  heaptramp0.o [9]
  .rodata                const     0x800'6cf4    0x80  system_stm32wbxx.o [5]
  .text                  ro code   0x800'6d74    0x7e  fclose.o [9]
  .text                  ro code   0x800'6df2    0x18  close.o [12]
  .text                  ro code   0x800'6e0a    0x14  remove.o [12]
  .text                  ro code   0x800'6e1e    0x78  lz77_init_single.o [11]
  .text                  ro code   0x800'6e98    0x5c  system_stm32wbxx.o [5]
  .text                  ro code   0x800'6ef4    0x54  fputc.o [9]
  .text                  ro code   0x800'6f48    0x40  xcloseall.o [9]
  .text                  ro code   0x800'6f88    0x38  zero_init3.o [11]
  .rodata                const     0x800'6fc0    0x34  app_ble.o [3]
  .text                  ro code   0x800'6ff4    0x30  stm32wbxx_it.o [2]
  .text                  ro code   0x800'7024    0x10  stm32wbxx_hal.o [6]
  .text                  ro code   0x800'7034    0x18  stm32wbxx_hal_hsem.o [6]
  .text                  ro code   0x800'704c     0x2  stm32wbxx_hal_hsem.o [6]
  .text                  ro code   0x800'7050    0x28  data_init.o [11]
  .rodata                const     0x800'7078    0x24  app_ble.o [3]
  .text                  ro code   0x800'709c    0x22  fpinit_M.o [10]
  .iar.init_table        const     0x800'70c0    0x38  - Linker created -
  .rodata                const     0x800'70f8    0x20  system_stm32wbxx.o [5]
  .text                  ro code   0x800'7118    0x1e  cmain.o [11]
  .text                  ro code   0x800'7136     0x4  low_level_init.o [9]
  .text                  ro code   0x800'713a     0x4  exit.o [9]
  .text                  ro code   0x800'7140     0xe  cexit.o [11]
  .text                  ro code   0x800'7150    0x1c  cstartup_M.o [11]
  .text                  ro code   0x800'716c    0x16  xprout.o [9]
  .text                  ro code   0x800'7184     0xc  putchar.o [9]
  .text                  ro code   0x800'7190    0x10  startup_stm32wb55xx_cm4.o [1]
  .text                  ro code   0x800'71a0     0x4  startup_stm32wb55xx_cm4.o [1]
  .text                  ro code   0x800'71a4     0x4  startup_stm32wb55xx_cm4.o [1]
  .text                  ro code   0x800'71a8     0x4  startup_stm32wb55xx_cm4.o [1]
  .text                  ro code   0x800'71ac     0x4  startup_stm32wb55xx_cm4.o [1]
  .text                  ro code   0x800'71b0     0x4  startup_stm32wb55xx_cm4.o [1]
  .text                  ro code   0x800'71b4     0x4  startup_stm32wb55xx_cm4.o [1]
  .text                  ro code   0x800'71b8     0x4  startup_stm32wb55xx_cm4.o [1]
  .text                  ro code   0x800'71bc     0x4  startup_stm32wb55xx_cm4.o [1]
  .text                  ro code   0x800'71c0     0x4  startup_stm32wb55xx_cm4.o [1]
  .text                  ro code   0x800'71c4     0x4  startup_stm32wb55xx_cm4.o [1]
  .text                  ro code   0x800'71c8     0x4  startup_stm32wb55xx_cm4.o [1]
  .text                  ro code   0x800'71cc     0x4  startup_stm32wb55xx_cm4.o [1]
  .text                  ro code   0x800'71d0     0x4  startup_stm32wb55xx_cm4.o [1]
  .text                  ro code   0x800'71d4     0x4  startup_stm32wb55xx_cm4.o [1]
  .text                  ro code   0x800'71d8     0x4  startup_stm32wb55xx_cm4.o [1]
  .text                  ro code   0x800'71dc     0x4  startup_stm32wb55xx_cm4.o [1]
  .text                  ro code   0x800'71e0     0x4  startup_stm32wb55xx_cm4.o [1]
  .text                  ro code   0x800'71e4     0x4  startup_stm32wb55xx_cm4.o [1]
  .text                  ro code   0x800'71e8     0x4  startup_stm32wb55xx_cm4.o [1]
  .text                  ro code   0x800'71ec     0x4  startup_stm32wb55xx_cm4.o [1]
  .text                  ro code   0x800'71f0     0x4  startup_stm32wb55xx_cm4.o [1]
  .text                  ro code   0x800'71f4     0x4  startup_stm32wb55xx_cm4.o [1]
  .text                  ro code   0x800'71f8     0x4  startup_stm32wb55xx_cm4.o [1]
  .text                  ro code   0x800'71fc     0x4  startup_stm32wb55xx_cm4.o [1]
  .text                  ro code   0x800'7200     0x4  startup_stm32wb55xx_cm4.o [1]
  .text                  ro code   0x800'7204     0x4  startup_stm32wb55xx_cm4.o [1]
  .text                  ro code   0x800'7208     0x4  startup_stm32wb55xx_cm4.o [1]
  .text                  ro code   0x800'720c     0x4  startup_stm32wb55xx_cm4.o [1]
  .text                  ro code   0x800'7210     0x4  startup_stm32wb55xx_cm4.o [1]
  .text                  ro code   0x800'7214     0x4  startup_stm32wb55xx_cm4.o [1]
  .text                  ro code   0x800'7218     0x4  startup_stm32wb55xx_cm4.o [1]
  .text                  ro code   0x800'721c     0x4  startup_stm32wb55xx_cm4.o [1]
  .text                  ro code   0x800'7220     0x4  startup_stm32wb55xx_cm4.o [1]
  .text                  ro code   0x800'7224     0x4  startup_stm32wb55xx_cm4.o [1]
  .text                  ro code   0x800'7228     0x4  startup_stm32wb55xx_cm4.o [1]
  .text                  ro code   0x800'722c     0x4  startup_stm32wb55xx_cm4.o [1]
  .text                  ro code   0x800'7230     0x4  startup_stm32wb55xx_cm4.o [1]
  .text                  ro code   0x800'7234     0x4  startup_stm32wb55xx_cm4.o [1]
  .text                  ro code   0x800'7238     0x4  startup_stm32wb55xx_cm4.o [1]
  .text                  ro code   0x800'723c     0x4  startup_stm32wb55xx_cm4.o [1]
  .text                  ro code   0x800'7240     0x4  startup_stm32wb55xx_cm4.o [1]
  .text                  ro code   0x800'7244     0x4  startup_stm32wb55xx_cm4.o [1]
  .text                  ro code   0x800'7248     0x4  startup_stm32wb55xx_cm4.o [1]
  .text                  ro code   0x800'724c     0x4  startup_stm32wb55xx_cm4.o [1]
  .text                  ro code   0x800'7250     0x4  startup_stm32wb55xx_cm4.o [1]
  .text                  ro code   0x800'7254     0x4  startup_stm32wb55xx_cm4.o [1]
  .text                  ro code   0x800'7258     0x4  startup_stm32wb55xx_cm4.o [1]
  .text                  ro code   0x800'725c     0x4  startup_stm32wb55xx_cm4.o [1]
  .text                  ro code   0x800'7260     0x4  startup_stm32wb55xx_cm4.o [1]
  .text                  ro code   0x800'7264     0x4  startup_stm32wb55xx_cm4.o [1]
  .text                  ro code   0x800'7268     0x4  startup_stm32wb55xx_cm4.o [1]
  .text                  ro code   0x800'726c     0x4  startup_stm32wb55xx_cm4.o [1]
  .text                  ro code   0x800'7270     0x4  startup_stm32wb55xx_cm4.o [1]
  .text                  ro code   0x800'7274     0x4  startup_stm32wb55xx_cm4.o [1]
  .text                  ro code   0x800'7278     0x4  startup_stm32wb55xx_cm4.o [1]
  .text                  ro code   0x800'727c     0x4  startup_stm32wb55xx_cm4.o [1]
  .text                  ro code   0x800'7280     0x4  startup_stm32wb55xx_cm4.o [1]
  .text                  ro code   0x800'7284     0x4  startup_stm32wb55xx_cm4.o [1]
  .text                  ro code   0x800'7288     0x0  cstart_closeall.o [11]
  .rodata                const     0x800'7288     0x0  zero_init3.o [11]
  .rodata                const     0x800'7288     0x0  lz77_init_single.o [11]
  Initializer bytes      const     0x800'7288    0xb0  <for P2-1>
  Initializer bytes      const     0x800'7338     0x3  <for P4-P5-1>
                                 - 0x800'733b  0x71ff

"P2", part 1 of 3:                             0x11a4
  P2-1                            0x2000'0008  0x11a4  <Init block>
    .data                inited   0x2000'0008    0x18  app_ble.o [3]
    .data                inited   0x2000'0020  0x1024  dbg_trace.o [7]
    .data                inited   0x2000'1044    0x28  stm32_seq.o [8]
    .data                inited   0x2000'106c     0xc  stm32wbxx_hal.o [6]
    .data                inited   0x2000'1078     0x4  system_stm32wbxx.o [5]
    .data                inited   0x2000'107c    0x38  xlocale_c.o [9]
    .data                inited   0x2000'10b4    0x48  xfiles.o [9]
    .data                inited   0x2000'10fc    0x48  xfiles.o [9]
    .data                inited   0x2000'1144    0x48  xfiles.o [9]
    .data                inited   0x2000'118c    0x20  xfiles.o [9]
                                - 0x2000'11ac  0x11a4

"P2", part 2 of 3:                              0x4b8
  .bss                   zero     0x2000'11ac    0x90  main.o [2]
  TIMERSERVER_CONTEXT    zero     0x2000'123c    0x90  hw_timerserver.o [2]
  BLE_APP_CONTEXT        zero     0x2000'12cc    0x84  app_ble.o [3]
  .bss                   zero     0x2000'1350    0x80  stm32_seq.o [8]
  .bss                   zero     0x2000'13d0    0x80  XShHandles.o [9]
  .bss                   zero     0x2000'1450    0x60  main.o [2]
  .bss                   zero     0x2000'14b0    0x50  xfiles.o [9]
  .bss                   zero     0x2000'1500    0x50  xfiles.o [9]
  .bss                   zero     0x2000'1550    0x2c  hci_tl.o [7]
  .bss                   zero     0x2000'157c    0x24  main.o [2]
  .bss                   zero     0x2000'15a0    0x24  shci_tl.o [7]
  BLE_DRIVER_CONTEXT     zero     0x2000'15c4    0x20  svc_ctl.o [7]
  BLE_DRIVER_CONTEXT     zero     0x2000'15e4    0x10  hci_tl.o [7]
  SYSTEM_DRIVER_CONTEXT  zero     0x2000'15f4    0x10  shci_tl.o [7]
  .bss                   zero     0x2000'1604     0xc  hw_timerserver.o [2]
  .bss                   zero     0x2000'1610     0x8  stm32_lpm.o [8]
  .bss                   zero     0x2000'1618     0x8  tl_mbox.o [7]
  .bss                   zero     0x2000'1620     0x8  tl_mbox.o [7]
  .bss                   zero     0x2000'1628     0x8  tl_mbox.o [7]
  .bss                   zero     0x2000'1630     0x8  heap0.o [9]
  BLE_DRIVER_CONTEXT     zero     0x2000'1638     0x8  p2p_stm.o [7]
  TIMERSERVER_CONTEXT    zero     0x2000'1640     0x8  hw_timerserver.o [2]
  .bss                   zero     0x2000'1648     0x4  app_ble.o [3]
  .bss                   zero     0x2000'164c     0x4  hw_ipcc.o [4]
  .bss                   zero     0x2000'1650     0x4  hw_uart.o [2]
  .bss                   zero     0x2000'1654     0x4  xfail_s.o [9]
  .bss                   zero     0x2000'1658     0x4  xgetmemchunk.o [9]
  BLE_APP_CONTEXT        zero     0x2000'165c     0x4  app_ble.o [3]
  BLE_DRIVER_CONTEXT     zero     0x2000'1660     0x1  svc_ctl.o [7]
  SYSTEM_DRIVER_CONTEXT  zero     0x2000'1661     0x1  shci_tl.o [7]
                                - 0x2000'1662   0x4b6

"P2", part 3 of 3:                              0x600
  CSTACK                          0x2000'1668   0x400  <Block>
    CSTACK               uninit   0x2000'1668   0x400  <Block tail>
  HEAP                            0x2000'1a68   0x200  <Block>
    HEAP                 uninit   0x2000'1a68   0x200  <Block tail>
                                - 0x2000'1c68   0x600

"P3":                                            0x28
  MAPPING_TABLE          uninit   0x2003'0000    0x28  tl_mbox.o [7]
                                - 0x2003'0028    0x28

"P4-P5", part 1 of 3:                             0x8
  P4-P5-1                         0x2003'0028     0x8  <Init block>
    MB_MEM2              inited   0x2003'0028     0x4  app_debug.o [2]
    MB_MEM2              inited   0x2003'002c     0x4  app_debug.o [2]
                                - 0x2003'0030     0x8

"P4-P5", part 2 of 3:                           0x870
  MB_MEM2                zero     0x2003'0030   0x860  app_entry.o [2]
  MB_MEM2                zero     0x2003'0890    0x10  tl_mbox.o [7]
                                - 0x2003'08a0   0x870

"P4-P5", part 3 of 3:                           0x1b8
  MB_MEM1                uninit   0x2003'08a0   0x10c  app_ble.o [3]
  MB_MEM1                uninit   0x2003'09ac    0x8c  tl_mbox.o [7]
  MB_MEM1                uninit   0x2003'0a38     0x8  tl_mbox.o [7]
  MB_MEM1                uninit   0x2003'0a40     0x8  tl_mbox.o [7]
  MB_MEM1                uninit   0x2003'0a48     0x8  tl_mbox.o [7]
  MB_MEM1                uninit   0x2003'0a50     0x8  tl_mbox.o [7]
                                - 0x2003'0a58   0x1b8

Unused ranges:

         From           To      Size
         ----           --      ----
   0x800'733b   0x807'ffff  0x7'8cc5
  0x2000'1664  0x2000'1667       0x4
  0x2000'1c68  0x2002'ffff  0x2'e398
  0x2003'0a58  0x2003'27ff    0x1da8


*******************************************************************************
*** INIT TABLE
***

          Address      Size
          -------      ----
Zero (__iar_zero_init3)
    2 destination ranges, total size 0xd26:
          0x2000'11ac   0x4b6
          0x2003'0030   0x870

Copy/lz77 (__iar_lz77_init_single3)
    1 source range, total size 0xb0 (3% of destination):
           0x800'7288    0xb0
    1 destination range, total size 0x11a4:
          0x2000'0008  0x11a4

Copy/lz77 (__iar_lz77_init_single3)
    1 source range, total size 0x3 (37% of destination):
           0x800'7338     0x3
    1 destination range, total size 0x8:
          0x2003'0028     0x8



*******************************************************************************
*** MODULE SUMMARY
***

    Module                     ro code  ro data  rw data
    ------                     -------  -------  -------
command line/config:
    ----------------------------------------------------
    Total:

C:\Projects\IARProj\STM\BLE\BLE_learn1\EWARM\BLE_learn1\Obj\Application\EWARM: [1]
    startup_stm32wb55xx_cm4.o      564
    ----------------------------------------------------
    Total:                         564

C:\Projects\IARProj\STM\BLE\BLE_learn1\EWARM\BLE_learn1\Obj\Application\User\Core: [2]
    app_debug.o                    352      307        8
    app_entry.o                    880      544    2'144
    hw_timerserver.o             1'386               164
    hw_uart.o                       80                 4
    main.o                         548               276
    stm32wbxx_hal_msp.o            320
    stm32wbxx_it.o                  48
    ----------------------------------------------------
    Total:                       3'614      851    2'596

C:\Projects\IARProj\STM\BLE\BLE_learn1\EWARM\BLE_learn1\Obj\Application\User\STM32_WPAN\App: [3]
    app_ble.o                    1'352      624      432
    p2p_server_app.o                 6
    ----------------------------------------------------
    Total:                       1'358      624      432

C:\Projects\IARProj\STM\BLE\BLE_learn1\EWARM\BLE_learn1\Obj\Application\User\STM32_WPAN\Target: [4]
    hw_ipcc.o                      488                 4
    ----------------------------------------------------
    Total:                         488                 4

C:\Projects\IARProj\STM\BLE\BLE_learn1\EWARM\BLE_learn1\Obj\Drivers\CMSIS: [5]
    system_stm32wbxx.o              92      161        4
    ----------------------------------------------------
    Total:                          92      161        4

C:\Projects\IARProj\STM\BLE\BLE_learn1\EWARM\BLE_learn1\Obj\Drivers\STM32WBxx_HAL_Driver: [6]
    stm32wbxx_hal.o                188                12
    stm32wbxx_hal_cortex.o         284
    stm32wbxx_hal_dma.o            732
    stm32wbxx_hal_gpio.o           436
    stm32wbxx_hal_hsem.o            26
    stm32wbxx_hal_pwr.o             16
    stm32wbxx_hal_pwr_ex.o          16
    stm32wbxx_hal_rcc.o          2'172
    stm32wbxx_hal_rcc_ex.o         804
    stm32wbxx_hal_rtc.o            316
    stm32wbxx_hal_uart.o         1'708
    stm32wbxx_hal_uart_ex.o        248
    ----------------------------------------------------
    Total:                       6'946                12

C:\Projects\IARProj\STM\BLE\BLE_learn1\EWARM\BLE_learn1\Obj\Middlewares\STM32_WPAN: [7]
    ble_gap_aci.o                  682
    ble_gatt_aci.o                 532
    ble_hal_aci.o                  208
    ble_hci_le.o                   282
    dbg_trace.o                    176      161    4'132
    hci_tl.o                       428                60
    hci_tl_if.o                     20
    osal.o                          32
    otp.o                           40
    p2p_stm.o                      392                 8
    shci.o                         184
    shci_tl.o                      328                53
    shci_tl_if.o                    20
    stm_list.o                     122
    stm_queue.o                    912
    svc_ctl.o                      232                33
    tl_mbox.o                      482               252
    ----------------------------------------------------
    Total:                       5'072      161    4'538

C:\Projects\IARProj\STM\BLE\BLE_learn1\EWARM\BLE_learn1\Obj\Utilities: [8]
    stm32_lpm.o                     60                 8
    stm32_seq.o                    460        2      168
    ----------------------------------------------------
    Total:                         520        2      176

dl7M_tlf.a: [9]
    XShHandles.o                   204               128
    abort.o                          6
    exit.o                           4
    fclose.o                       126
    fflush.o                       172
    fputc.o                         84
    fseek.o                         36
    heap0.o                        316                 8
    heaptramp0.o                     4
    low_level_init.o                 4
    printf.o                        40
    putchar.o                       12
    xcloseall.o                     64
    xfail_s.o                       64                 4
    xfgpos.o                        12
    xfiles.o                                 10      408
    xfofind.o                      156
    xfspos.o                       216
    xfwprep.o                      180
    xgetmemchunk.o                  44                 4
    xlocale_c.o                      8        5       56
    xprintffull_nomb.o           3'886
    xprout.o                        22
    ----------------------------------------------------
    Total:                       5'660       15      608

m7M_tls.a: [10]
    DblAddSub.o                    590
    DblCmpGe.o                      52
    DblCmpLe.o                      52
    DblDiv.o                       582
    DblMul.o                       426
    DblToS32.o                      54
    DblToU32.o                      34
    S32ToDbl.o                      34
    U32ToDbl.o                      28
    fpinit_M.o                      34
    frexp.o                        112
    ldexp.o                        314
    ----------------------------------------------------
    Total:                       2'312

rt7M_tl.a: [11]
    ABImemclr4.o                     6
    ABImemcpy_small.o               24
    ABImemset48.o                   50
    ABImemset_small.o               18
    I64DivMod_small.o              262
    I64DivZer.o                      2
    cexit.o                         14
    cmain.o                         30
    cstart_closeall.o
    cstartup_M.o                    28
    data_init.o                     40
    lz77_init_single.o             120
    memchr.o                        88
    strchr.o                        22
    strlen.o                        54
    zero_init3.o                    56
    ----------------------------------------------------
    Total:                         814

shb_l.a: [12]
    close.o                         24
    exit.o                          20
    lseek.o                         78
    remove.o                        20
    ----------------------------------------------------
    Total:                         142

    Gaps                            43        4
    Linker created                           56    1'536
--------------------------------------------------------
    Grand Total:                27'625    1'874    9'906


*******************************************************************************
*** ENTRY LIST
***

Entry                       Address    Size  Type      Object
-----                       -------    ----  ----      ------
.iar.init_table$$Base    0x800'70c0           --   Gb  - Linker created -
.iar.init_table$$Limit   0x800'70f8           --   Gb  - Linker created -
?main                    0x800'7119          Code  Gb  cmain.o [11]
AHBPrescTable            0x800'6cf4    0x40  Data  Gb  system_stm32wbxx.o [5]
APBPrescTable            0x800'70f8    0x20  Data  Gb  system_stm32wbxx.o [5]
APPD_EnableCPU2          0x800'4471    0x1e  Code  Gb  app_debug.o [2]
APPD_GeneralConfig      0x2003'002c     0x4  Data  Lc  app_debug.o [2]
APPD_Init                0x800'4377    0xe2  Code  Gb  app_debug.o [2]
APPD_TracesConfig       0x2003'0028     0x4  Data  Lc  app_debug.o [2]
APPE_SysStatusNot        0x800'3261     0x2  Code  Lc  app_entry.o [2]
APPE_SysUserEvtRx        0x800'3265   0x136  Code  Lc  app_entry.o [2]
APP_BLE_Init             0x800'4a8d   0x1c4  Code  Gb  app_ble.o [3]
AdvIntervalMax          0x2000'165e     0x2  Data  Lc  app_ble.o [3]
AdvIntervalMin          0x2000'165c     0x2  Data  Lc  app_ble.o [3]
Adv_Cancel               0x800'4e41    0x30  Code  Lc  app_ble.o [3]
Adv_Cancel_Req           0x800'4ea9     0x8  Code  Lc  app_ble.o [3]
Adv_Request              0x800'4d6d    0xd2  Code  Lc  app_ble.o [3]
Aldata                  0x2000'1630     0x8  Data  Lc  heap0.o [9]
AsynchPrescalerUserConfig
                        0x2000'1605     0x1  Data  Lc  hw_timerserver.o [2]
BAS_Init                 0x800'6053     0x2  Code  Gb  svc_ctl.o [7]
BLE_CFG_ER_VALUE         0x800'4fbc    0x10  Data  Lc  app_ble.o [3]
BLE_CFG_IR_VALUE         0x800'4fac    0x10  Data  Lc  app_ble.o [3]
BLE_IoBusAclDataTxAck   0x2000'1624     0x4  Data  Lc  tl_mbox.o [7]
BLE_IoBusEvtCallBackFunction
                        0x2000'1620     0x4  Data  Lc  tl_mbox.o [7]
BLE_StatusNot            0x800'4ee1    0x14  Code  Lc  app_ble.o [3]
BLE_UserEvtRx            0x800'4ec9    0x16  Code  Lc  app_ble.o [3]
BLS_Init                 0x800'6055     0x2  Code  Gb  svc_ctl.o [7]
BVOPUS_STM_Init          0x800'61f9     0x2  Code  Gb  svc_ctl.o [7]
BleApplicationContext   0x2000'12cc    0x84  Data  Lc  app_ble.o [3]
BleCmdBuffer            0x2003'08a0   0x10c  Data  Lc  app_ble.o [3]
BleSpareEvtBuffer       0x2003'0784   0x10c  Data  Lc  app_entry.o [2]
BusFault_Handler         0x800'6ffb     0x2  Code  Gb  stm32wbxx_it.o [2]
CRS_STM_Init             0x800'6057     0x2  Code  Gb  svc_ctl.o [7]
CSTACK$$Base            0x2000'1668           --   Gb  - Linker created -
CSTACK$$Limit           0x2000'1a68           --   Gb  - Linker created -
CircularQueue_Add        0x800'5c55   0x20e  Code  Gb  stm_queue.o [7]
CircularQueue_Init       0x800'5c2b    0x2a  Code  Gb  stm_queue.o [7]
CircularQueue_Remove     0x800'5e63    0xc0  Code  Gb  stm_queue.o [7]
CircularQueue_Sense      0x800'5f23    0x98  Code  Gb  stm_queue.o [7]
Cmd_SetStatus            0x800'495b    0x22  Code  Lc  shci_tl.o [7]
CsBuffer                0x2003'0890    0x10  Data  Lc  tl_mbox.o [7]
CurrentRunningTimerID   0x2000'1640     0x1  Data  Lc  hw_timerserver.o [2]
CurrentTaskIdx          0x2000'1068     0x4  Data  Lc  stm32_seq.o [8]
DIS_Init                 0x800'6059     0x2  Code  Gb  svc_ctl.o [7]
DMA1_Channel4_IRQHandler
                         0x800'7009     0x6  Code  Gb  stm32wbxx_it.o [2]
DMA_CalcDMAMUXChannelBaseAndMask
                         0x800'308f    0x3a  Code  Lc  stm32wbxx_hal_dma.o [6]
DMA_CalcDMAMUXRequestGenBaseAndMask
                         0x800'30c9    0x20  Code  Lc  stm32wbxx_hal_dma.o [6]
DMA_SetConfig            0x800'3057    0x38  Code  Lc  stm32wbxx_hal_dma.o [6]
DbgOutputInit            0x800'448f     0x4  Code  Gb  app_debug.o [2]
DbgOutputTraces          0x800'4493     0xc  Code  Gb  app_debug.o [2]
DbgTraceInit             0x800'5063    0x1e  Code  Gb  dbg_trace.o [7]
DbgTracePeripheralReady
                        0x2000'0020     0x1  Data  Gb  dbg_trace.o [7]
DbgTraceWrite            0x800'5083    0x52  Code  Gb  dbg_trace.o [7]
DbgTrace_TxCpltCallback
                         0x800'502d    0x36  Code  Lc  dbg_trace.o [7]
DebugMon_Handler         0x800'7001     0x2  Code  Gb  stm32wbxx_it.o [2]
EDS_STM_Init             0x800'605b     0x2  Code  Gb  svc_ctl.o [7]
Error_Handler            0x800'2c7d     0x4  Code  Gb  main.o [2]
EvtPool                 0x2003'0030   0x53c  Data  Lc  app_entry.o [2]
EvtQueue                0x2003'0a48     0x8  Data  Lc  tl_mbox.o [7]
EvtSet                  0x2000'1060     0x4  Data  Lc  stm32_seq.o [8]
EvtWaited               0x2000'1064     0x4  Data  Lc  stm32_seq.o [8]
FreeBufCb               0x2000'164c     0x4  Data  Lc  hw_ipcc.o [4]
FreeBufQueue            0x2003'0a38     0x8  Data  Lc  tl_mbox.o [7]
HAL_DBGMCU_EnableDBGSleepMode
                         0x800'249d     0x4  Code  Gb  stm32wbxx_hal.o [6]
HAL_DBGMCU_EnableDBGStopMode
                         0x800'24a1     0xc  Code  Gb  stm32wbxx_hal.o [6]
HAL_DMA_IRQHandler       0x800'2f95    0xb0  Code  Gb  stm32wbxx_hal_dma.o [6]
HAL_DMA_Init             0x800'2e35    0x8c  Code  Gb  stm32wbxx_hal_dma.o [6]
HAL_DMA_Start_IT         0x800'2f0d    0x7e  Code  Gb  stm32wbxx_hal_dma.o [6]
HAL_Delay                0x800'339b    0x30  Code  Gb  app_entry.o [2]
HAL_GPIO_Init            0x800'2c81   0x18e  Code  Gb  stm32wbxx_hal_gpio.o [6]
HAL_GPIO_WritePin        0x800'2e0f     0xa  Code  Gb  stm32wbxx_hal_gpio.o [6]
HAL_GetTick              0x800'244d     0xc  Code  Gb  stm32wbxx_hal.o [6]
HAL_GetTickFreq          0x800'2497     0x6  Code  Gb  stm32wbxx_hal.o [6]
HAL_GetTickPrio          0x800'2491     0x6  Code  Gb  stm32wbxx_hal.o [6]
HAL_HSEM_FreeCallback    0x800'704d     0x2  Code  Gb  stm32wbxx_hal_hsem.o [6]
HAL_HSEM_IRQHandler      0x800'7035    0x10  Code  Gb  stm32wbxx_hal_hsem.o [6]
HAL_IncTick              0x800'7025    0x10  Code  Gb  stm32wbxx_hal.o [6]
HAL_Init                 0x800'2469    0x28  Code  Gb  stm32wbxx_hal.o [6]
HAL_InitTick             0x800'2409    0x44  Code  Gb  stm32wbxx_hal.o [6]
HAL_MspInit              0x800'25f1    0x2a  Code  Gb  stm32wbxx_hal_msp.o [2]
HAL_NVIC_ClearPendingIRQ
                         0x800'25b7    0x16  Code  Gb  stm32wbxx_hal_cortex.o [6]
HAL_NVIC_DisableIRQ      0x800'255b    0x1e  Code  Gb  stm32wbxx_hal_cortex.o [6]
HAL_NVIC_EnableIRQ       0x800'2545    0x16  Code  Gb  stm32wbxx_hal_cortex.o [6]
HAL_NVIC_SetPendingIRQ   0x800'25a1    0x16  Code  Gb  stm32wbxx_hal_cortex.o [6]
HAL_NVIC_SetPriority     0x800'2509    0x3a  Code  Gb  stm32wbxx_hal_cortex.o [6]
HAL_NVIC_SetPriorityGrouping
                         0x800'24ef    0x1a  Code  Gb  stm32wbxx_hal_cortex.o [6]
HAL_PWREx_GetVoltageRange
                         0x800'24c5     0xc  Code  Gb  stm32wbxx_hal_pwr_ex.o [6]
HAL_PWR_EnableBkUpAccess
                         0x800'2459     0xc  Code  Gb  stm32wbxx_hal_pwr.o [6]
HAL_RCCEx_PeriphCLKConfig
                         0x800'2765   0x2b2  Code  Gb  stm32wbxx_hal_rcc_ex.o [6]
HAL_RCC_ClockConfig      0x800'2073   0x1a8  Code  Gb  stm32wbxx_hal_rcc.o [6]
HAL_RCC_GetHCLKFreq      0x800'22b1     0xa  Code  Gb  stm32wbxx_hal_rcc.o [6]
HAL_RCC_GetPCLK1Freq     0x800'22cd    0x10  Code  Gb  stm32wbxx_hal_rcc.o [6]
HAL_RCC_GetPCLK2Freq     0x800'22dd     0xe  Code  Gb  stm32wbxx_hal_rcc.o [6]
HAL_RCC_GetSysClockFreq
                         0x800'2239    0x78  Code  Gb  stm32wbxx_hal_rcc.o [6]
HAL_RCC_OscConfig        0x800'1bad   0x4ae  Code  Gb  stm32wbxx_hal_rcc.o [6]
HAL_RTC_Init             0x800'34b5    0xac  Code  Gb  stm32wbxx_hal_rtc.o [6]
HAL_RTC_MspInit          0x800'261b    0x4e  Code  Gb  stm32wbxx_hal_msp.o [2]
HAL_RTC_WaitForSynchro   0x800'3589    0x32  Code  Gb  stm32wbxx_hal_rtc.o [6]
HAL_SYSTICK_Config       0x800'2579    0x28  Code  Gb  stm32wbxx_hal_cortex.o [6]
HAL_UARTEx_DisableFifoMode
                         0x800'3c99    0x3c  Code  Gb  stm32wbxx_hal_uart_ex.o [6]
HAL_UARTEx_SetRxFifoThreshold
                         0x800'3ceb    0x14  Code  Gb  stm32wbxx_hal_uart_ex.o [6]
HAL_UARTEx_SetTxFifoThreshold
                         0x800'3cd5    0x16  Code  Gb  stm32wbxx_hal_uart_ex.o [6]
HAL_UART_ErrorCallback   0x800'5027     0x2  Code  Gb  stm32wbxx_hal_uart.o [6]
HAL_UART_Init            0x800'35f1    0x30  Code  Gb  stm32wbxx_hal_uart.o [6]
HAL_UART_MspInit         0x800'2669    0xa6  Code  Gb  stm32wbxx_hal_msp.o [2]
HAL_UART_Transmit_DMA    0x800'3671    0x8a  Code  Gb  stm32wbxx_hal_uart.o [6]
HAL_UART_TxCpltCallback
                         0x800'5003    0x14  Code  Gb  hw_uart.o [2]
HAL_UART_TxHalfCpltCallback
                         0x800'5025     0x2  Code  Gb  stm32wbxx_hal_uart.o [6]
HEAP$$Base              0x2000'1a68           --   Gb  - Linker created -
HEAP$$Limit             0x2000'1c68           --   Gb  - Linker created -
HIDS_Init                0x800'605d     0x2  Code  Gb  svc_ctl.o [7]
HRS_Init                 0x800'605f     0x2  Code  Gb  svc_ctl.o [7]
HSEM_IRQHandler          0x800'7015     0x4  Code  Gb  stm32wbxx_it.o [2]
HTS_Init                 0x800'6061     0x2  Code  Gb  svc_ctl.o [7]
HW_IPCC_BLE_AclDataAckNot
                         0x800'4559     0x6  Code  Gb  tl_mbox.o [7]
HW_IPCC_BLE_Init         0x800'5237     0xc  Code  Gb  hw_ipcc.o [4]
HW_IPCC_BLE_RxEvtNot     0x800'453b    0x1e  Code  Gb  tl_mbox.o [7]
HW_IPCC_BLE_SendCmd      0x800'5243     0xa  Code  Gb  hw_ipcc.o [4]
HW_IPCC_Enable           0x800'51c3    0x3c  Code  Gb  hw_ipcc.o [4]
HW_IPCC_Init             0x800'51ff    0x38  Code  Gb  hw_ipcc.o [4]
HW_IPCC_MM_SendFreeBuf   0x800'526b    0x28  Code  Gb  hw_ipcc.o [4]
HW_IPCC_Rx_Handler       0x800'50fd    0x54  Code  Gb  hw_ipcc.o [4]
HW_IPCC_SYS_CmdEvtNot    0x800'459d     0xe  Code  Gb  tl_mbox.o [7]
HW_IPCC_SYS_EvtNot       0x800'45ab    0x1e  Code  Gb  tl_mbox.o [7]
HW_IPCC_SYS_Init         0x800'524d     0xc  Code  Gb  hw_ipcc.o [4]
HW_IPCC_SYS_SendCmd      0x800'5259    0x12  Code  Gb  hw_ipcc.o [4]
HW_IPCC_TRACES_EvtNot    0x800'4653    0x20  Code  Gb  tl_mbox.o [7]
HW_IPCC_TRACES_Init      0x800'5293     0xc  Code  Gb  hw_ipcc.o [4]
HW_IPCC_Tx_Handler       0x800'5151    0x72  Code  Gb  hw_ipcc.o [4]
HW_TS_Create             0x800'4121    0x50  Code  Gb  hw_timerserver.o [2]
HW_TS_Init               0x800'402b    0xe8  Code  Gb  hw_timerserver.o [2]
HW_TS_RTC_Int_AppNot     0x800'5029     0x2  Code  Gb  hw_timerserver.o [2]
HW_TS_RTC_Wakeup_Handler
                         0x800'3f79    0xa6  Code  Gb  hw_timerserver.o [2]
HW_TS_Start              0x800'420b   0x12c  Code  Gb  hw_timerserver.o [2]
HW_TS_Stop               0x800'4171    0x74  Code  Gb  hw_timerserver.o [2]
HW_UART_Transmit_DMA     0x800'4fd5    0x2e  Code  Gb  hw_uart.o [2]
HW_huart1TxCb           0x2000'1650     0x4  Data  Gb  hw_uart.o [2]
HardFault_Handler        0x800'6ff7     0x2  Code  Gb  stm32wbxx_it.o [2]
HciAsynchEventQueue     0x2000'15ec     0x8  Data  Lc  hci_tl.o [7]
HciCmdEventQueue        0x2000'1574     0x8  Data  Lc  hci_tl.o [7]
IAS_Init                 0x800'6063     0x2  Code  Gb  svc_ctl.o [7]
IPCC_C1_RX_IRQHandler    0x800'701d     0x4  Code  Gb  stm32wbxx_it.o [2]
IPCC_C1_TX_IRQHandler    0x800'7021     0x4  Code  Gb  stm32wbxx_it.o [2]
LLS_Init                 0x800'6065     0x2  Code  Gb  svc_ctl.o [7]
LL_AHB1_GRP1_EnableClock
                         0x800'2a5d     0x4  Code  Lc  main.o [2]
LL_AHB2_GRP1_EnableClock
                         0x800'435d     0x4  Code  Lc  app_debug.o [2]
LL_AHB2_GRP1_EnableClock
                         0x800'2a61     0x2  Code  Lc  main.o [2]
LL_C1_IPCC_IsActiveFlag_CHx
                         0x800'50dd    0x10  Code  Lc  hw_ipcc.o [4]
LL_C2_AHB2_GRP1_EnableClock
                         0x800'4361     0x2  Code  Lc  app_debug.o [2]
LL_C2_IPCC_IsActiveFlag_CHx
                         0x800'50ed    0x10  Code  Lc  hw_ipcc.o [4]
LL_RCC_GetAHB4Prescaler
                         0x800'1b9f     0xe  Code  Lc  stm32wbxx_hal_rcc.o [6]
LL_RCC_MSI_GetRange      0x800'1b8d    0x12  Code  Lc  stm32wbxx_hal_rcc.o [6]
LL_RCC_SetI2CClockSource
                         0x800'2739    0x18  Code  Lc  stm32wbxx_hal_rcc_ex.o [6]
LL_RCC_SetLPTIMClockSource
                         0x800'2751    0x14  Code  Lc  stm32wbxx_hal_rcc_ex.o [6]
LST_init_head            0x800'52c5     0x6  Code  Gb  stm_list.o [7]
LST_insert_head          0x800'52dd    0x14  Code  Gb  stm_list.o [7]
LST_insert_tail          0x800'52f1    0x14  Code  Gb  stm_list.o [7]
LST_is_empty             0x800'52cb    0x12  Code  Gb  stm_list.o [7]
LST_remove_head          0x800'531d    0x10  Code  Gb  stm_list.o [7]
LST_remove_node          0x800'5305    0x12  Code  Gb  stm_list.o [7]
LocalFreeBufQueue       0x2000'1618     0x8  Data  Lc  tl_mbox.o [7]
MESH_Init                0x800'61fb     0x2  Code  Gb  svc_ctl.o [7]
MOTENV_STM_Init          0x800'6069     0x2  Code  Gb  svc_ctl.o [7]
MSIRangeTable            0x800'6d34    0x40  Data  Gb  system_stm32wbxx.o [5]
MX_APPE_Config           0x800'3145    0x86  Code  Gb  app_entry.o [2]
MX_APPE_Init             0x800'31cb    0x94  Code  Gb  app_entry.o [2]
MX_APPE_Process          0x800'3405     0x2  Code  Gb  app_entry.o [2]
MX_USART1_UART_Init      0x800'2bf3    0x5e  Code  Gb  main.o [2]
M_bd_addr                0x800'4fa4     0x8  Data  Lc  app_ble.o [3]
MaxWakeupTimerSetup     0x2000'1608     0x2  Data  Lc  hw_timerserver.o [2]
MemManage_Handler        0x800'6ff9     0x2  Code  Gb  stm32wbxx_it.o [2]
MsgDbgTraceQueue        0x2000'0024    0x20  Data  Lc  dbg_trace.o [7]
MsgDbgTraceQueueBuff    0x2000'0044  0x1000  Data  Lc  dbg_trace.o [7]
NMI_Handler              0x800'6ff5     0x2  Code  Gb  stm32wbxx_it.o [2]
NotifyCmdStatus          0x800'54b1    0x14  Code  Lc  hci_tl.o [7]
OTAS_STM_Init            0x800'61f7     0x2  Code  Gb  svc_ctl.o [7]
OTP_Read                 0x800'3d91    0x28  Code  Gb  otp.o [7]
OffModeDisable          0x2000'1614     0x4  Data  Lc  stm32_lpm.o [8]
Osal_MemCpy              0x800'5fd1     0xc  Code  Gb  osal.o [7]
Osal_MemSet              0x800'5fdd    0x14  Code  Gb  osal.o [7]
P2PS_APP_Init            0x800'5c29     0x2  Code  Gb  p2p_server_app.o [3]
P2PS_APP_Notification    0x800'5c27     0x2  Code  Gb  p2p_server_app.o [3]
P2PS_STM_App_Notification
                         0x800'5c25     0x2  Code  Gb  p2p_server_app.o [3]
P2PS_STM_Init            0x800'60cd    0xa4  Code  Gb  p2p_stm.o [7]
PeerToPeer_Event_Handler
                         0x800'606d    0x60  Code  Lc  p2p_stm.o [7]
PendSV_Handler           0x800'7003     0x2  Code  Gb  stm32wbxx_it.o [2]
PeriphCommonClock_Config
                         0x800'2bc5    0x2e  Code  Gb  main.o [2]
PreviousRunningTimerID  0x2000'1641     0x1  Data  Lc  hw_timerserver.o [2]
RCC_SetFlashLatency::FLASH_CLK_SRC_RANGE_VOS1
                         0x800'23dc    0x10  Data  Lc  stm32wbxx_hal_rcc.o [6]
RCC_SetFlashLatency::FLASH_CLK_SRC_RANGE_VOS2
                         0x800'23ec     0xc  Data  Lc  stm32wbxx_hal_rcc.o [6]
RCC_SetFlashLatency::FLASH_LATENCY_RANGE
                         0x800'23f8    0x10  Data  Lc  stm32wbxx_hal_rcc.o [6]
RCC_SetFlashLatencyFromMSIRange
                         0x800'2301    0x96  Code  Lc  stm32wbxx_hal_rcc.o [6]
RTC_EnterInitMode        0x800'35bb    0x36  Code  Gb  stm32wbxx_hal_rtc.o [6]
RTC_WKUP_IRQHandler      0x800'7019     0x4  Code  Gb  stm32wbxx_it.o [2]
ReadRtcSsrValue          0x800'3df5    0x16  Code  Lc  hw_timerserver.o [2]
Region$$Table$$Base      0x800'70c0           --   Gb  - Linker created -
Region$$Table$$Limit     0x800'70f8           --   Gb  - Linker created -
RescheduleTimerList      0x800'3e97    0xe2  Code  Lc  hw_timerserver.o [2]
ReturnTimeElapsed        0x800'3e61    0x36  Code  Lc  hw_timerserver.o [2]
SEQ_BitPosition          0x800'4821    0x32  Code  Gb  stm32_seq.o [8]
SEQ_clz_table_4bit       0x800'4854    0x10  Data  Lc  stm32_seq.o [8]
SHCICmdStatus           0x2000'1661     0x1  Data  Lc  shci_tl.o [7]
SHCI_C2_BLE_Init         0x800'49b9    0x10  Code  Gb  shci.o [7]
SHCI_C2_Config           0x800'49d9     0xe  Code  Gb  shci.o [7]
SHCI_C2_DEBUG_Init       0x800'49c9    0x10  Code  Gb  shci.o [7]
SHCI_GetWirelessFwInfo   0x800'49e7    0x72  Code  Gb  shci.o [7]
SHCI_TL_UserEventFlow   0x2000'15f4     0x1  Data  Gb  shci_tl.o [7]
SHciAsynchEventQueue    0x2000'15fc     0x8  Data  Lc  shci_tl.o [7]
SSRValueOnLastSetup     0x2000'1644     0x4  Data  Lc  hw_timerserver.o [2]
SVCCTL_App_Notification
                         0x800'4c51   0x11c  Code  Gb  app_ble.o [3]
SVCCTL_CltHandler       0x2000'1660     0x1  Data  Gb  svc_ctl.o [7]
SVCCTL_EvtHandler       0x2000'15c4    0x20  Data  Gb  svc_ctl.o [7]
SVCCTL_Init              0x800'5bad    0x10  Code  Gb  svc_ctl.o [7]
SVCCTL_InitCustomSvc     0x800'61fd     0x2  Code  Gb  svc_ctl.o [7]
SVCCTL_RegisterSvcHandler
                         0x800'5bbd    0x10  Code  Gb  svc_ctl.o [7]
SVCCTL_SvcInit           0x800'5ff1    0x4e  Code  Gb  svc_ctl.o [7]
SVCCTL_UserEvtRx         0x800'5bcd    0x4e  Code  Gb  svc_ctl.o [7]
SVC_Handler              0x800'6fff     0x2  Code  Gb  stm32wbxx_it.o [2]
SYS_CMD_IoBusCallBackFunction
                        0x2000'1628     0x4  Data  Lc  tl_mbox.o [7]
SYS_EVT_IoBusCallBackFunction
                        0x2000'162c     0x4  Data  Lc  tl_mbox.o [7]
SendFreeBuf              0x800'4619    0x22  Code  Lc  tl_mbox.o [7]
StatusNotCallBackFunction
                        0x2000'1570     0x4  Data  Lc  hci_tl.o [7]
StatusNotCallBackFunction
                        0x2000'15c0     0x4  Data  Lc  shci_tl.o [7]
StopModeDisable         0x2000'1610     0x4  Data  Lc  stm32_lpm.o [8]
SuperMask               0x2000'105c     0x4  Data  Lc  stm32_seq.o [8]
Switch_OFF_GPIO          0x800'4eb1     0x2  Code  Lc  app_ble.o [3]
SynchPrescalerUserConfig
                        0x2000'1606     0x2  Data  Lc  hw_timerserver.o [2]
SysTick_Handler          0x800'7005     0x4  Code  Gb  stm32wbxx_it.o [2]
SystemClock_Config       0x800'2b3d    0x88  Code  Gb  main.o [2]
SystemCmdBuffer         0x2003'056c   0x10c  Data  Lc  app_entry.o [2]
SystemCoreClock         0x2000'1078     0x4  Data  Gb  system_stm32wbxx.o [5]
SystemEvtQueue          0x2003'0a50     0x8  Data  Lc  tl_mbox.o [7]
SystemInit               0x800'6e99    0x4a  Code  Gb  system_stm32wbxx.o [5]
SystemSpareEvtBuffer    0x2003'0678   0x10c  Data  Lc  app_entry.o [2]
TL_BLE_Init              0x800'44ff    0x26  Code  Gb  tl_mbox.o [7]
TL_BLE_SendCmd           0x800'4525    0x16  Code  Gb  tl_mbox.o [7]
TL_BleLldTable          0x2003'09f0     0x8  Data  Lc  tl_mbox.o [7]
TL_BleTable             0x2003'09cc    0x10  Data  Lc  tl_mbox.o [7]
TL_DeviceInfoTable      0x2003'09ac    0x20  Data  Lc  tl_mbox.o [7]
TL_Enable                0x800'44bd     0x4  Code  Gb  tl_mbox.o [7]
TL_Init                  0x800'44c1    0x3e  Code  Gb  tl_mbox.o [7]
TL_LldTestsTable        0x2003'09e8     0x8  Data  Lc  tl_mbox.o [7]
TL_MM_EvtDone            0x800'4603    0x16  Code  Gb  tl_mbox.o [7]
TL_MM_Init               0x800'45d1    0x32  Code  Gb  tl_mbox.o [7]
TL_Mac_802_15_4_Table   0x2003'0a20     0xc  Data  Lc  tl_mbox.o [7]
TL_MemManagerTable      0x2003'0a00    0x1c  Data  Lc  tl_mbox.o [7]
TL_RefTable             0x2003'0000    0x28  Data  Lc  tl_mbox.o [7]
TL_SYS_Init              0x800'455f    0x1c  Code  Gb  tl_mbox.o [7]
TL_SYS_SendCmd           0x800'4587    0x16  Code  Gb  tl_mbox.o [7]
TL_SysTable             0x2003'09f8     0x8  Data  Lc  tl_mbox.o [7]
TL_TRACES_EvtReceived    0x800'533f     0x2  Code  Gb  tl_mbox.o [7]
TL_TRACES_Init           0x800'463b    0x18  Code  Gb  tl_mbox.o [7]
TL_ThreadTable          0x2003'09dc     0xc  Data  Lc  tl_mbox.o [7]
TL_TracesTable          0x2003'0a1c     0x4  Data  Lc  tl_mbox.o [7]
TL_Zigbee_Table         0x2003'0a2c     0xc  Data  Lc  tl_mbox.o [7]
TPS_Init                 0x800'6067     0x2  Code  Gb  svc_ctl.o [7]
TaskCb                  0x2000'1350    0x80  Data  Lc  stm32_seq.o [8]
TaskMask                0x2000'1058     0x4  Data  Lc  stm32_seq.o [8]
TaskPrio                0x2000'1044    0x10  Data  Lc  stm32_seq.o [8]
TaskSet                 0x2000'1054     0x4  Data  Lc  stm32_seq.o [8]
TlCmdEvtReceived         0x800'497d     0x6  Code  Lc  shci_tl.o [7]
TlEvtReceived            0x800'54c5    0x34  Code  Lc  hci_tl.o [7]
TlUserEvtReceived        0x800'4985    0x1a  Code  Lc  shci_tl.o [7]
TracesEvtQueue          0x2003'0a40     0x8  Data  Lc  tl_mbox.o [7]
UARTEx_SetNbDataToProcess
                         0x800'3d41    0x3e  Code  Lc  stm32wbxx_hal_uart_ex.o [6]
UARTEx_SetNbDataToProcess::denominator
                         0x800'3d88     0x8  Data  Lc  stm32wbxx_hal_uart_ex.o [6]
UARTEx_SetNbDataToProcess::numerator
                         0x800'3d80     0x8  Data  Lc  stm32wbxx_hal_uart_ex.o [6]
UARTPrescTable           0x800'391c    0x18  Data  Gb  stm32wbxx_hal_uart.o [6]
UART_AdvFeatureConfig    0x800'3935    0xc6  Code  Gb  stm32wbxx_hal_uart.o [6]
UART_CheckIdleState      0x800'39fb    0x5c  Code  Gb  stm32wbxx_hal_uart.o [6]
UART_DMAError            0x800'3c15    0x4e  Code  Lc  stm32wbxx_hal_uart.o [6]
UART_DMATransmitCplt     0x800'3bcb    0x40  Code  Lc  stm32wbxx_hal_uart.o [6]
UART_DMATxHalfCplt       0x800'3c0b     0x6  Code  Lc  stm32wbxx_hal_uart.o [6]
UART_EndRxTransfer       0x800'3b5d    0x28  Code  Lc  stm32wbxx_hal_uart.o [6]
UART_EndTxTransfer       0x800'3b19    0x16  Code  Lc  stm32wbxx_hal_uart.o [6]
UART_SetConfig           0x800'3725   0x1f2  Code  Gb  stm32wbxx_hal_uart.o [6]
UART_WaitOnFlagUntilTimeout
                         0x800'3a57    0x7a  Code  Gb  stm32wbxx_hal_uart.o [6]
UTIL_LPM_Init            0x800'3db9     0xa  Code  Gb  stm32_lpm.o [8]
UTIL_LPM_SetOffMode      0x800'3dc3     0xe  Code  Gb  stm32_lpm.o [8]
UTIL_SEQ_EvtIdle         0x800'3409     0x2  Code  Gb  app_entry.o [2]
UTIL_SEQ_Idle            0x800'3407     0x2  Code  Gb  app_entry.o [2]
UTIL_SEQ_PauseTask       0x800'47a3    0x10  Code  Gb  stm32_seq.o [8]
UTIL_SEQ_PostIdle        0x800'5343     0x2  Code  Gb  stm32_seq.o [8]
UTIL_SEQ_PreIdle         0x800'5341     0x2  Code  Gb  stm32_seq.o [8]
UTIL_SEQ_RegTask         0x800'4769    0x1a  Code  Gb  stm32_seq.o [8]
UTIL_SEQ_ResumeTask      0x800'47b3     0xc  Code  Gb  stm32_seq.o [8]
UTIL_SEQ_Run             0x800'469d    0xcc  Code  Gb  stm32_seq.o [8]
UTIL_SEQ_SetEvt          0x800'47c7    0x10  Code  Gb  stm32_seq.o [8]
UTIL_SEQ_SetTask         0x800'4783    0x20  Code  Gb  stm32_seq.o [8]
UTIL_SEQ_WaitEvt         0x800'47d7    0x42  Code  Gb  stm32_seq.o [8]
UnlinkTimer              0x800'3e0b    0x56  Code  Lc  hw_timerserver.o [2]
UsageFault_Handler       0x800'6ffd     0x2  Code  Gb  stm32wbxx_it.o [2]
UserEventFlow           0x2000'15e4     0x1  Data  Gb  hci_tl.o [7]
WakeupTimerDivider      0x2000'1604     0x1  Data  Lc  hw_timerserver.o [2]
WakeupTimerLimitation   0x2000'1642     0x1  Data  Lc  hw_timerserver.o [2]
ZDD_STM_Init             0x800'61f5     0x2  Code  Gb  svc_ctl.o [7]
_Close_all               0x800'6f49    0x40  Code  Gb  xcloseall.o [9]
_Files                  0x2000'118c    0x20  Data  Gb  xfiles.o [9]
_Fofree                  0x800'6c55    0x96  Code  Gb  xfofind.o [9]
_Fspos                   0x800'68d1    0xd8  Code  Gb  xfspos.o [9]
_Fwprep                  0x800'6b7d    0xb4  Code  Gb  xfwprep.o [9]
_LitobFullNoMb           0x800'0e71   0x10c  Code  Lc  xprintffull_nomb.o [9]
_Locale_lconv           0x2000'107c    0x38  Data  Lc  xlocale_c.o [9]
_Nnl                     0x800'6a55     0xc  Code  Gb  xfgpos.o [9]
_PrintfFullNoMb          0x800'013d   0xd06  Code  Gb  xprintffull_nomb.o [9]
_Prout                   0x800'716d    0x16  Code  Gb  xprout.o [9]
_PutcharFullNoMb         0x800'0fd5    0x20  Code  Lc  xprintffull_nomb.o [9]
_PutcharsFullNoMb        0x800'0ff5    0x2e  Code  Lc  xprintffull_nomb.o [9]
__NVIC_SetPriority       0x800'24d5    0x1a  Code  Lc  stm32wbxx_hal_cortex.o [6]
__aeabi_cdcmple          0x800'11dd          Code  Gb  DblCmpLe.o [10]
__aeabi_cdrcmple         0x800'1211          Code  Gb  DblCmpGe.o [10]
__aeabi_d2iz             0x800'1381          Code  Gb  DblToS32.o [10]
__aeabi_d2uiz            0x800'1875          Code  Gb  DblToU32.o [10]
__aeabi_ddiv             0x800'162d          Code  Gb  DblDiv.o [10]
__aeabi_dmul             0x800'18b5          Code  Gb  DblMul.o [10]
__aeabi_dsub             0x800'1549          Code  Gb  DblAddSub.o [10]
__aeabi_i2d              0x800'13b9          Code  Gb  S32ToDbl.o [10]
__aeabi_ldiv0            0x800'1b75          Code  Gb  I64DivZer.o [11]
__aeabi_memclr4          0x800'2731          Code  Gb  ABImemclr4.o [11]
__aeabi_ui2d             0x800'1899          Code  Gb  U32ToDbl.o [10]
__basic_free             0x800'64cd    0x16  Code  Gb  heap0.o [9]
__basic_free_intern      0x800'64e3    0x74  Code  Lc  heap0.o [9]
__basic_malloc           0x800'6421    0x18  Code  Gb  heap0.o [9]
__basic_malloc_intern    0x800'6439    0x94  Code  Lc  heap0.o [9]
__cexit_closeall         0x800'7143          Code  Gb  cexit.o [11]
__close                  0x800'6df3    0x18  Code  Gb  close.o [12]
__cmain                  0x800'7119          Code  Gb  cmain.o [11]
__cstart_closeall        0x800'7288          Data  Gb  cstart_closeall.o [11]
__data_GetMemChunk       0x800'655d    0x2c  Code  Gb  xgetmemchunk.o [9]
__data_GetMemChunk::start
                        0x2000'1658     0x4  Data  Lc  xgetmemchunk.o [9]
__exit                   0x800'1b79    0x14  Code  Gb  exit.o [12]
__iar_Fail_s             0x800'1085    0x1c  Code  Gb  xfail_s.o [9]
__iar_Memchr             0x800'10fd          Code  Gb  memchr.o [11]
__iar_Memset4_word       0x800'3111          Code  Gb  ABImemset48.o [11]
__iar_Memset8_word       0x800'3111          Code  Gb  ABImemset48.o [11]
__iar_Stderr            0x2000'1144    0x48  Data  Gb  xfiles.o [9]
__iar_Stdin             0x2000'10b4    0x48  Data  Gb  xfiles.o [9]
__iar_Stdout            0x2000'10fc    0x48  Data  Gb  xfiles.o [9]
__iar_Strchr             0x800'106d          Code  Gb  strchr.o [11]
__iar_data_init3         0x800'7051    0x28  Code  Gb  data_init.o [11]
__iar_frexp              0x800'1179          Code  Gb  frexp.o [10]
__iar_frexpl             0x800'1179          Code  Gb  frexp.o [10]
__iar_init_vfp           0x800'709d          Code  Gb  fpinit_M.o [10]
__iar_ldexp64            0x800'1245          Code  Gb  ldexp.o [10]
__iar_lz77_init_single3
                         0x800'6e1f    0x78  Code  Gb  lz77_init_single.o [11]
__iar_program_start      0x800'7151          Code  Gb  cstartup_M.o [11]
__iar_scalbln64          0x800'1245          Code  Gb  ldexp.o [10]
__iar_scalbn64           0x800'1245          Code  Gb  ldexp.o [10]
__iar_sh_Discard         0x800'6ab1    0x42  Code  Gb  XShHandles.o [9]
__iar_sh_Move            0x800'6af3    0x46  Code  Gb  XShHandles.o [9]
__iar_sh_Pos             0x800'6b39    0x40  Code  Gb  XShHandles.o [9]
__iar_small_Memcpy       0x800'1159          Code  Gb  ABImemcpy_small.o [11]
__iar_small_Memset       0x800'6041          Code  Gb  ABImemset_small.o [11]
__iar_small_Memset_word
                         0x800'6041          Code  Gb  ABImemset_small.o [11]
__iar_small_memcpy       0x800'1155          Code  Gb  ABImemcpy_small.o [11]
__iar_small_memcpy4      0x800'1155          Code  Gb  ABImemcpy_small.o [11]
__iar_small_memcpy8      0x800'1155          Code  Gb  ABImemcpy_small.o [11]
__iar_small_memset       0x800'6041          Code  Gb  ABImemset_small.o [11]
__iar_small_uldivmod     0x800'1a69          Code  Gb  I64DivMod_small.o [11]
__iar_softfp___iar_frexp64
                         0x800'116d          Code  Gb  frexp.o [10]
__iar_softfp_frexp       0x800'116d          Code  Gb  frexp.o [10]
__iar_softfp_frexpl      0x800'116d          Code  Gb  frexp.o [10]
__iar_zero_init3         0x800'6f89    0x38  Code  Gb  zero_init3.o [11]
__low_level_init         0x800'7137     0x4  Code  Gb  low_level_init.o [9]
__lseek                  0x800'6a61    0x4e  Code  Gb  lseek.o [12]
__vector_table           0x800'0000          Data  Gb  startup_stm32wb55xx_cm4.o [1]
__write                  0x800'5081     0x2  Code  Gb  dbg_trace.o [7]
_call_main               0x800'7125          Code  Gb  cmain.o [11]
_exit                    0x800'7141          Code  Gb  cexit.o [11]
aGpioConfigList          0x800'6588   0x130  Data  Lc  app_debug.o [2]
aPeerToPeerContext      0x2000'1638     0x8  Data  Lc  p2p_stm.o [7]
aTimerContext           0x2000'123c    0x90  Data  Lc  hw_timerserver.o [2]
abort                    0x800'1b6f     0x6  Code  Gb  abort.o [9]
aci_gap_configure_whitelist
                         0x800'5ad5    0x24  Code  Gb  ble_gap_aci.o [7]
aci_gap_init             0x800'5a4f    0x54  Code  Gb  ble_gap_aci.o [7]
aci_gap_set_authentication_requirement
                         0x800'59f1    0x52  Code  Gb  ble_gap_aci.o [7]
aci_gap_set_discoverable
                         0x800'5927    0x60  Code  Gb  ble_gap_aci.o [7]
aci_gap_set_io_capability
                         0x800'59c9    0x28  Code  Gb  ble_gap_aci.o [7]
aci_gap_set_non_discoverable
                         0x800'5903    0x24  Code  Gb  ble_gap_aci.o [7]
aci_gap_update_adv_data
                         0x800'5aad    0x28  Code  Gb  ble_gap_aci.o [7]
aci_gatt_add_char        0x800'57b7    0xa8  Code  Gb  ble_gatt_aci.o [7]
aci_gatt_add_service     0x800'571b    0x80  Code  Gb  ble_gatt_aci.o [7]
aci_gatt_init            0x800'56ef    0x2c  Code  Gb  ble_gatt_aci.o [7]
aci_gatt_update_char_value
                         0x800'5869    0x46  Code  Gb  ble_gatt_aci.o [7]
aci_hal_set_radio_activity_mask
                         0x800'56a5    0x26  Code  Gb  ble_hal_aci.o [7]
aci_hal_set_tx_power_level
                         0x800'5667    0x1c  Code  Gb  ble_hal_aci.o [7]
aci_hal_write_config_data
                         0x800'561f    0x48  Code  Gb  ble_hal_aci.o [7]
bd_addr_udn             0x2000'0018     0x8  Data  Lc  app_ble.o [3]
ebuf                    0x2000'14b0    0x50  Data  Lc  xfiles.o [9]
exit                     0x800'713b     0x4  Code  Gb  exit.o [9]
fclose                   0x800'6d75    0x7e  Code  Gb  fclose.o [9]
fflush                   0x800'6a1d    0x34  Code  Gb  fflush.o [9]
fflushOne                0x800'69a9    0x74  Code  Lc  fflush.o [9]
fputc                    0x800'6ef5    0x54  Code  Gb  fputc.o [9]
free                     0x800'6cf1     0x4  Code  Gb  heaptramp0.o [9]
fseek                    0x800'6c31    0x24  Code  Gb  fseek.o [9]
handleNotification      0x2000'1648     0x4  Data  Gb  app_ble.o [3]
hciContext              0x2000'1550    0x20  Data  Lc  hci_tl.o [7]
hci_cmd_resp_release     0x800'4ebb     0x6  Code  Gb  app_ble.o [3]
hci_cmd_resp_wait        0x800'4ec1     0x6  Code  Gb  app_ble.o [3]
hci_init                 0x800'5359    0x3e  Code  Gb  hci_tl.o [7]
hci_le_read_phy          0x800'5571    0x44  Code  Gb  ble_hci_le.o [7]
hci_le_set_default_phy   0x800'55d7    0x20  Code  Gb  ble_hci_le.o [7]
hci_notify_asynch_evt    0x800'4eb3     0x8  Code  Gb  app_ble.o [3]
hci_register_io_bus      0x800'5fbd    0x14  Code  Gb  hci_tl_if.o [7]
hci_reset                0x800'5505    0x24  Code  Gb  ble_hci_le.o [7]
hci_send_req             0x800'53ff    0xb2  Code  Gb  hci_tl.o [7]
hci_user_evt_proc        0x800'5397    0x68  Code  Gb  hci_tl.o [7]
hdma_usart1_tx          0x2000'1450    0x60  Data  Gb  main.o [2]
hrtc                    0x2000'157c    0x24  Data  Gb  main.o [2]
huart1                  0x2000'11ac    0x90  Data  Gb  main.o [2]
ldexp                    0x800'1245          Code  Gb  ldexp.o [10]
ldexpl                   0x800'1245          Code  Gb  ldexp.o [10]
local_name               0x800'4fcc     0x8  Data  Lc  app_ble.o [3]
localeconv               0x800'1a61     0x4  Code  Gb  xlocale_c.o [9]
main                     0x800'2a77    0xba  Code  Gb  main.o [2]
manuf_data              0x2000'0008    0x10  Data  Gb  app_ble.o [3]
memchr                   0x800'10fd          Code  Gb  memchr.o [11]
obuf                    0x2000'1500    0x50  Data  Lc  xfiles.o [9]
pCmdBuffer              0x2000'15e8     0x4  Data  Lc  hci_tl.o [7]
pCmdBuffer              0x2000'15f8     0x4  Data  Lc  shci_tl.o [7]
phrtc                   0x2000'160c     0x4  Data  Lc  hw_timerserver.o [2]
printf                   0x800'4a65    0x28  Code  Gb  printf.o [9]
putchar                  0x800'7185     0xc  Code  Gb  putchar.o [9]
remove                   0x800'6e0b    0x14  Code  Gb  remove.o [12]
sFileInfo               0x2000'13d0    0x80  Data  Lc  XShHandles.o [9]
scalbln                  0x800'1245          Code  Gb  ldexp.o [10]
scalblnl                 0x800'1245          Code  Gb  ldexp.o [10]
scalbn                   0x800'1245          Code  Gb  ldexp.o [10]
scalbnl                  0x800'1245          Code  Gb  ldexp.o [10]
scale                    0x800'0f7d    0x46  Code  Lc  xprintffull_nomb.o [9]
sec_hand                0x2000'1654     0x4  Data  Lc  xfail_s.o [9]
shciContext             0x2000'15a0    0x20  Data  Lc  shci_tl.o [7]
shci_cmd_resp_release    0x800'341b     0x6  Code  Gb  app_entry.o [2]
shci_cmd_resp_wait       0x800'3421     0x6  Code  Gb  app_entry.o [2]
shci_init                0x800'4865    0x42  Code  Gb  shci_tl.o [7]
shci_notify_asynch_evt   0x800'3413     0x8  Code  Gb  app_entry.o [2]
shci_register_io_bus     0x800'5345    0x14  Code  Gb  shci_tl_if.o [7]
shci_send                0x800'490f    0x4c  Code  Gb  shci_tl.o [7]
shci_user_evt_proc       0x800'48a7    0x68  Code  Gb  shci_tl.o [7]
strchr                   0x800'106d          Code  Gb  strchr.o [11]
strlen                   0x800'10c5          Code  Gb  strlen.o [11]
uwTick                  0x2000'1070     0x4  Data  Gb  stm32wbxx_hal.o [6]
uwTickFreq              0x2000'106c     0x1  Data  Gb  stm32wbxx_hal.o [6]
uwTickPrio              0x2000'1074     0x4  Data  Gb  stm32wbxx_hal.o [6]


[1] = C:\Projects\IARProj\STM\BLE\BLE_learn1\EWARM\BLE_learn1\Obj\Application\EWARM
[2] = C:\Projects\IARProj\STM\BLE\BLE_learn1\EWARM\BLE_learn1\Obj\Application\User\Core
[3] = C:\Projects\IARProj\STM\BLE\BLE_learn1\EWARM\BLE_learn1\Obj\Application\User\STM32_WPAN\App
[4] = C:\Projects\IARProj\STM\BLE\BLE_learn1\EWARM\BLE_learn1\Obj\Application\User\STM32_WPAN\Target
[5] = C:\Projects\IARProj\STM\BLE\BLE_learn1\EWARM\BLE_learn1\Obj\Drivers\CMSIS
[6] = C:\Projects\IARProj\STM\BLE\BLE_learn1\EWARM\BLE_learn1\Obj\Drivers\STM32WBxx_HAL_Driver
[7] = C:\Projects\IARProj\STM\BLE\BLE_learn1\EWARM\BLE_learn1\Obj\Middlewares\STM32_WPAN
[8] = C:\Projects\IARProj\STM\BLE\BLE_learn1\EWARM\BLE_learn1\Obj\Utilities
[9] = dl7M_tlf.a
[10] = m7M_tls.a
[11] = rt7M_tl.a
[12] = shb_l.a

  27'625 bytes of readonly  code memory
   1'874 bytes of readonly  data memory
   9'906 bytes of readwrite data memory

Errors: none
Warnings: none
